[INFO] Scanning for projects...
[INFO] 
[INFO] ------------------------< exe.project:backend >-------------------------
[INFO] Building backend 0.0.1-SNAPSHOT
[INFO]   from pom.xml
[INFO] --------------------------------[ jar ]---------------------------------
[INFO] 
[INFO] --- clean:3.4.1:clean (default-clean) @ backend ---
[INFO] Deleting C:\Users\Chinh\Documents\GitHub\EXE_Project\backend\target
[INFO] 
[INFO] --- resources:3.3.1:resources (default-resources) @ backend ---
[INFO] Copying 1 resource from src\main\resources to target\classes
[INFO] Copying 1 resource from src\main\resources to target\classes
[INFO] 
[INFO] --- compiler:3.14.0:compile (default-compile) @ backend ---
[INFO] Recompiling the module because of changed source code.
[INFO] Compiling 104 source files with javac [debug parameters release 21] to target\classes
[INFO] Some messages have been simplified; recompile with -Xdiags:verbose to get full output
[INFO] -------------------------------------------------------------
[WARNING] COMPILATION WARNING : 
[INFO] -------------------------------------------------------------
[WARNING] /C:/Users/Chinh/Documents/GitHub/EXE_Project/backend/src/main/java/exe/project/backend/models/OtpVerification.java:[39,21] @Builder will ignore the initializing expression entirely. If you want the initializing expression to serve as default, add @Builder.Default. If it is not supposed to be settable during building, make the field final.
[WARNING] /C:/Users/Chinh/Documents/GitHub/EXE_Project/backend/src/main/java/exe/project/backend/models/UserConversation.java:[28,20] @Builder will ignore the initializing expression entirely. If you want the initializing expression to serve as default, add @Builder.Default. If it is not supposed to be settable during building, make the field final.
[INFO] 2 warnings 
[INFO] -------------------------------------------------------------
[INFO] -------------------------------------------------------------
[ERROR] COMPILATION ERROR : 
[INFO] -------------------------------------------------------------
[ERROR] /C:/Users/Chinh/Documents/GitHub/EXE_Project/backend/src/main/java/exe/project/backend/services/impl/PayOSService.java:[40,39] incompatible types: int cannot be converted to java.lang.Long
[ERROR] /C:/Users/Chinh/Documents/GitHub/EXE_Project/backend/src/main/java/exe/project/backend/services/impl/PayOSService.java:[47,40] incompatible types: int cannot be converted to java.lang.Long
[ERROR] /C:/Users/Chinh/Documents/GitHub/EXE_Project/backend/src/main/java/exe/project/backend/services/impl/PaymentService.java:[80,54] cannot find symbol
  symbol:   method getId()
  location: variable paymentLinkData of type vn.payos.model.v2.paymentRequests.CreatePaymentLinkResponse
[ERROR] /C:/Users/Chinh/Documents/GitHub/EXE_Project/backend/src/main/java/exe/project/backend/services/impl/PaymentService.java:[81,16] cannot find symbol
  symbol:   method setCheckoutUrl(java.lang.String)
  location: variable payment of type exe.project.backend.models.Payment
[INFO] 4 errors 
[INFO] -------------------------------------------------------------
[INFO] ------------------------------------------------------------------------
[INFO] BUILD FAILURE
[INFO] ------------------------------------------------------------------------
[INFO] Total time:  8.938 s
[INFO] Finished at: 2026-02-10T15:20:28+07:00
[INFO] ------------------------------------------------------------------------
[ERROR] Failed to execute goal org.apache.maven.plugins:maven-compiler-plugin:3.14.0:compile (default-compile) on project backend: Compilation failure: Compilation failure: 
[ERROR] /C:/Users/Chinh/Documents/GitHub/EXE_Project/backend/src/main/java/exe/project/backend/services/impl/PayOSService.java:[40,39] incompatible types: int cannot be converted to java.lang.Long
[ERROR] /C:/Users/Chinh/Documents/GitHub/EXE_Project/backend/src/main/java/exe/project/backend/services/impl/PayOSService.java:[47,40] incompatible types: int cannot be converted to java.lang.Long
[ERROR] /C:/Users/Chinh/Documents/GitHub/EXE_Project/backend/src/main/java/exe/project/backend/services/impl/PaymentService.java:[80,54] cannot find symbol
[ERROR]   symbol:   method getId()
[ERROR]   location: variable paymentLinkData of type vn.payos.model.v2.paymentRequests.CreatePaymentLinkResponse
[ERROR] /C:/Users/Chinh/Documents/GitHub/EXE_Project/backend/src/main/java/exe/project/backend/services/impl/PaymentService.java:[81,16] cannot find symbol
[ERROR]   symbol:   method setCheckoutUrl(java.lang.String)
[ERROR]   location: variable payment of type exe.project.backend.models.Payment
[ERROR] -> [Help 1]
[ERROR] 
[ERROR] To see the full stack trace of the errors, re-run Maven with the -e switch.
[ERROR] Re-run Maven using the -X switch to enable full debug logging.
[ERROR] 
[ERROR] For more information about the errors and possible solutions, please read the following articles:
[ERROR] [Help 1] http://cwiki.apache.org/confluence/display/MAVEN/MojoFailureException
